2025-11-30 00:15:35,346 - __main__ - INFO - ================================================================================
2025-11-30 00:15:35,346 - __main__ - INFO - Setting up test environment
2025-11-30 00:15:35,346 - __main__ - INFO - ================================================================================
2025-11-30 00:15:35,346 - __main__ - INFO - Local test directory: /tmp/sshpilot_test_h4ylu49r
2025-11-30 00:15:35,347 - sshpilot.config - INFO - GSettings schema not found; using JSON config
2025-11-30 00:15:35,348 - sshpilot.connection_manager - INFO - Loaded 17 connections from SSH config
2025-11-30 00:15:35,348 - __main__ - INFO - Found connection: router
2025-11-30 00:15:35,349 - __main__ - INFO -   Host: 192.168.8.1
2025-11-30 00:15:35,349 - __main__ - INFO -   Username: root
2025-11-30 00:15:35,349 - __main__ - INFO -   Port: 2222
2025-11-30 00:15:35,447 - __main__ - INFO - Connecting to server...
2025-11-30 00:15:35,485 - sshpilot.config - INFO - GSettings schema not found; using JSON config
2025-11-30 00:15:35,557 - paramiko.transport - INFO - Connected (version 2.0, client dropbear)
2025-11-30 00:15:35,592 - sshpilot.connection_manager - INFO - Found 17 SSH keys: ['/home/mahdi/.ssh/fedora2', '/home/mahdi/.ssh/kwp11', '/home/mahdi/.ssh/kwp10', '/home/mahdi/.ssh/kwp', '/home/mahdi/.ssh/id_rsa', '/home/mahdi/.ssh/flat', '/home/mahdi/.ssh/sss', '/home/mahdi/.ssh/mehdiKey', '/home/mahdi/.ssh/kwp13', '/home/mahdi/.ssh/kwp6', '/home/mahdi/.ssh/fedora', '/home/mahdi/.ssh/lkey', '/home/mahdi/.ssh/okey', '/home/mahdi/.ssh/kwp3', '/home/mahdi/.ssh/id_ed25519', '/home/mahdi/.ssh/newkeyyy', '/home/mahdi/.ssh/kkk']
2025-11-30 00:15:35,593 - sshpilot.connection_manager - INFO - Secure storage backend: libsecret (Secret Service)
2025-11-30 00:15:36,093 - __main__ - ERROR - Connection error: No authentication methods available
2025-11-30 00:16:05,608 - __main__ - ERROR - Failed to create SFTP manager: Failed to connect to server within timeout
Traceback (most recent call last):
  File "/home/mahdi/Github/sshpilot/test_sftp_comprehensive.py", line 165, in setup
    raise RuntimeError("Failed to connect to server within timeout")
RuntimeError: Failed to connect to server within timeout
2025-11-30 00:16:05,608 - __main__ - ERROR - Test suite failed: Failed to connect to server within timeout
Traceback (most recent call last):
  File "/home/mahdi/Github/sshpilot/test_sftp_comprehensive.py", line 585, in main
    tester.setup()
    ~~~~~~~~~~~~^^
  File "/home/mahdi/Github/sshpilot/test_sftp_comprehensive.py", line 165, in setup
    raise RuntimeError("Failed to connect to server within timeout")
RuntimeError: Failed to connect to server within timeout
2025-11-30 00:16:05,609 - __main__ - INFO - Cleaning up...
2025-11-30 00:16:05,609 - __main__ - INFO - Removed local test directory: /tmp/sshpilot_test_h4ylu49r
2025-11-30 00:16:05,609 - sshpilot.file_manager_window - INFO - AsyncSFTPManager.close() called
2025-11-30 00:16:05,609 - sshpilot.file_manager_window - INFO - AsyncSFTPManager.close() completed
